Archive member included to satisfy reference by file (symbol)

c:/program files (x86)/gnu arm embedded toolchain/10 2021.10/bin/../lib/gcc/arm-none-eabi/10.3.1/thumb/v6-m/nofp\libgcc.a(_udivsi3.o)
                              main.o (__aeabi_uidiv)
c:/program files (x86)/gnu arm embedded toolchain/10 2021.10/bin/../lib/gcc/arm-none-eabi/10.3.1/thumb/v6-m/nofp\libgcc.a(_divsi3.o)
                              lcd.o (__aeabi_idiv)
c:/program files (x86)/gnu arm embedded toolchain/10 2021.10/bin/../lib/gcc/arm-none-eabi/10.3.1/thumb/v6-m/nofp\libgcc.a(_dvmd_tls.o)
                              c:/program files (x86)/gnu arm embedded toolchain/10 2021.10/bin/../lib/gcc/arm-none-eabi/10.3.1/thumb/v6-m/nofp\libgcc.a(_udivsi3.o) (__aeabi_idiv0)

Memory Configuration

Name             Origin             Length             Attributes
flash            0x08000000         0x00010000
ram              0x20000000         0x00002000
*default*        0x00000000         0xffffffff

Linker script and memory map

LOAD startup.o
LOAD main.o
LOAD lcd.o
LOAD motor.o
LOAD vl53l0x.o
LOAD obstacle.o
LOAD c:/program files (x86)/gnu arm embedded toolchain/10 2021.10/bin/../lib/gcc/arm-none-eabi/10.3.1/../../../../arm-none-eabi/lib/thumb/v6-m/nofp\libc.a
LOAD c:/program files (x86)/gnu arm embedded toolchain/10 2021.10/bin/../lib/gcc/arm-none-eabi/10.3.1/thumb/v6-m/nofp\libgcc.a
START GROUP
LOAD c:/program files (x86)/gnu arm embedded toolchain/10 2021.10/bin/../lib/gcc/arm-none-eabi/10.3.1/thumb/v6-m/nofp\libgcc.a
LOAD c:/program files (x86)/gnu arm embedded toolchain/10 2021.10/bin/../lib/gcc/arm-none-eabi/10.3.1/../../../../arm-none-eabi/lib/thumb/v6-m/nofp\libc.a
END GROUP
START GROUP
LOAD c:/program files (x86)/gnu arm embedded toolchain/10 2021.10/bin/../lib/gcc/arm-none-eabi/10.3.1/thumb/v6-m/nofp\libgcc.a
LOAD c:/program files (x86)/gnu arm embedded toolchain/10 2021.10/bin/../lib/gcc/arm-none-eabi/10.3.1/../../../../arm-none-eabi/lib/thumb/v6-m/nofp\libc.a
LOAD c:/program files (x86)/gnu arm embedded toolchain/10 2021.10/bin/../lib/gcc/arm-none-eabi/10.3.1/../../../../arm-none-eabi/lib/thumb/v6-m/nofp\libnosys.a
END GROUP

.text           0x08000000     0x31c0
 *(.vectors)
 .vectors       0x08000000       0xb8 startup.o
                0x08000000                Vectors
 *(.after_vectors*)
 .after_vectors
                0x080000b8        0xe startup.o
                0x080000b8                ResetInit
 *(.text*)
 *fill*         0x080000c6        0x2 
 .text          0x080000c8      0x18c startup.o
                0x08000140                initClock
                0x08000248                EXTI2_3_Handler
                0x08000248                TIM21_Handler
                0x08000248                SysTick_Handler
                0x08000248                I2C1_Handler
                0x08000248                PendSV_Handler
                0x08000248                NMI_Handler
                0x08000248                WWDG_Handler
                0x08000248                RTC_Handler
                0x08000248                EXTI4_15_Handler
                0x08000248                USART1_Handler
                0x08000248                DMA_CH4_5_6_7_Handler
                0x08000248                Default_Handler
                0x08000248                LPUART1_Handler
                0x08000248                FLASH_Handler
                0x08000248                EXTI0_1_Handler
                0x08000248                DMA_CH1_Handler
                0x08000248                SPI2_Handler
                0x08000248                DMA_CH2_3_Handler
                0x08000248                I2C2_Handler
                0x08000248                SVC_Handler
                0x08000248                LPTIM1_Handler
                0x08000248                USART2_Handler
                0x08000248                SPI1_Handler
                0x08000248                RCC_Handler
                0x08000248                PVD_Handler
                0x08000248                TIM6_Handler
                0x08000248                TIM22_Handler
                0x08000248                ADC_COMP_Handler
                0x0800024e                Hard_Fault_Handler
 .text          0x08000254      0xc78 main.o
                0x08000254                Configure_Pins
                0x08000310                ADC_Init
                0x0800036c                ADC_Read
                0x080003b0                Timer_us
                0x0800040c                delay_ms
                0x0800043c                I2C_init
                0x080004e4                i2c_read_addr8_data8
                0x0800058c                i2c_read_addr8_data16
                0x08000658                i2c_write_addr8_data8
                0x0800070c                Speaker_Beep
                0x08000890                IR_TryReceive
                0x08000a40                Handle_Command
                0x08000d28                Handle_Program_Step
                0x08000d78                main
 .text          0x08000ecc      0x38c lcd.o
                0x08000ecc                Delay_us
                0x08000f2c                waitms
                0x08000f78                LCD_pulse
                0x08000fa8                LCD_byte
                0x0800112a                WriteData
                0x0800115e                WriteCommand
                0x08001192                LCD_4BIT
                0x080011dc                LCDprint
 .text          0x08001258      0x908 motor.o
                0x08001258                left_wheel_forward
                0x08001282                left_wheel_backward
                0x080012ac                right_wheel_forward
                0x080012dc                right_wheel_backward
                0x0800130c                left_wheel_stop
                0x08001336                right_wheel_stop
                0x08001364                motor_stop
                0x08001376                Hardware_Init
                0x08001448                motor_init
                0x08001588                TIM2_Handler
                0x08001618                motor_rotate_180
                0x08001830                auto_reset
                0x08001850                auto_step
                0x08001ac8                auto_stop
                0x08001af4                auto_hold_stop
                0x08001b18                set_custom_path
 .text          0x08001b60     0x1088 vl53l0x.o
                0x0800270c                vl53l0x_init
                0x08002770                vl53l0x_read_range_single
                0x08002938                vl53l0x_start_continuous
                0x08002a20                vl53l0x_stop_continuous
                0x08002b08                vl53l0x_read_range_continuous
                0x08002ba0                vl53l0x_measurement_ready
 .text          0x08002be8      0x148 obstacle.o
                0x08002be8                obstacle_reset
                0x08002c24                obstacle_get_filtered_mm
                0x08002c38                obstacle_detected
 .text          0x08002d30      0x114 c:/program files (x86)/gnu arm embedded toolchain/10 2021.10/bin/../lib/gcc/arm-none-eabi/10.3.1/thumb/v6-m/nofp\libgcc.a(_udivsi3.o)
                0x08002d30                __aeabi_uidiv
                0x08002d30                __udivsi3
                0x08002e3c                __aeabi_uidivmod
 .text          0x08002e44      0x1d4 c:/program files (x86)/gnu arm embedded toolchain/10 2021.10/bin/../lib/gcc/arm-none-eabi/10.3.1/thumb/v6-m/nofp\libgcc.a(_divsi3.o)
                0x08002e44                __divsi3
                0x08002e44                __aeabi_idiv
                0x08003010                __aeabi_idivmod
 .text          0x08003018        0x4 c:/program files (x86)/gnu arm embedded toolchain/10 2021.10/bin/../lib/gcc/arm-none-eabi/10.3.1/thumb/v6-m/nofp\libgcc.a(_dvmd_tls.o)
                0x08003018                __aeabi_idiv0
                0x08003018                __aeabi_ldiv0
 *(.rodata*)
 .rodata        0x0800301c      0x18c main.o
 .rodata        0x080031a8       0x18 motor.o
                0x080031c0                . = ALIGN (0x4)
                0x080031c0                PROVIDE (__init_array_start = .)
 *(SORT_BY_NAME(.init_array.*))
 *(.init_array)
                0x080031c0                PROVIDE (__init_array_end = .)
                0x080031c0                . = ALIGN (0x4)
                0x080031c0                _etext = .

.glue_7         0x080031c0        0x0
 .glue_7        0x080031c0        0x0 linker stubs

.glue_7t        0x080031c0        0x0
 .glue_7t       0x080031c0        0x0 linker stubs

.vfp11_veneer   0x080031c0        0x0
 .vfp11_veneer  0x080031c0        0x0 linker stubs

.v4_bx          0x080031c0        0x0
 .v4_bx         0x080031c0        0x0 linker stubs

.iplt           0x080031c0        0x0
 .iplt          0x080031c0        0x0 startup.o

.rel.dyn        0x080031c0        0x0
 .rel.iplt      0x080031c0        0x0 startup.o

.data           0x20000000       0x1c load address 0x080031c0
                0x20000000                . = ALIGN (0x4)
                0x20000000                _data = .
 *(.data*)
 .data          0x20000000        0x0 startup.o
 .data          0x20000000        0xc main.o
 .data          0x2000000c        0x0 lcd.o
 .data          0x2000000c       0x10 motor.o
                0x2000000c                left_dir
                0x20000010                right_dir
 .data          0x2000001c        0x0 vl53l0x.o
 .data          0x2000001c        0x0 obstacle.o
 .data          0x2000001c        0x0 c:/program files (x86)/gnu arm embedded toolchain/10 2021.10/bin/../lib/gcc/arm-none-eabi/10.3.1/thumb/v6-m/nofp\libgcc.a(_udivsi3.o)
 .data          0x2000001c        0x0 c:/program files (x86)/gnu arm embedded toolchain/10 2021.10/bin/../lib/gcc/arm-none-eabi/10.3.1/thumb/v6-m/nofp\libgcc.a(_divsi3.o)
 .data          0x2000001c        0x0 c:/program files (x86)/gnu arm embedded toolchain/10 2021.10/bin/../lib/gcc/arm-none-eabi/10.3.1/thumb/v6-m/nofp\libgcc.a(_dvmd_tls.o)
                0x2000001c                . = ALIGN (0x4)
                0x2000001c                _edata = .

.igot.plt       0x2000001c        0x0 load address 0x080031dc
 .igot.plt      0x2000001c        0x0 startup.o

.bss            0x2000001c       0x20 load address 0x080031dc
                0x2000001c                _bss = .
 *(.bss*)
 .bss           0x2000001c        0x0 startup.o
 .bss           0x2000001c        0x7 main.o
 .bss           0x20000023        0x0 lcd.o
 *fill*         0x20000023        0x1 
 .bss           0x20000024        0xf motor.o
                0x20000024                PWM_Counter
                0x20000028                left_speed
                0x2000002c                right_speed
                0x20000030                auto_running
                0x20000031                auto_intersection_cnt
                0x20000032                auto_in_intersection
 .bss           0x20000033        0x1 vl53l0x.o
 .bss           0x20000034        0x6 obstacle.o
 .bss           0x2000003a        0x0 c:/program files (x86)/gnu arm embedded toolchain/10 2021.10/bin/../lib/gcc/arm-none-eabi/10.3.1/thumb/v6-m/nofp\libgcc.a(_udivsi3.o)
 .bss           0x2000003a        0x0 c:/program files (x86)/gnu arm embedded toolchain/10 2021.10/bin/../lib/gcc/arm-none-eabi/10.3.1/thumb/v6-m/nofp\libgcc.a(_divsi3.o)
 .bss           0x2000003a        0x0 c:/program files (x86)/gnu arm embedded toolchain/10 2021.10/bin/../lib/gcc/arm-none-eabi/10.3.1/thumb/v6-m/nofp\libgcc.a(_dvmd_tls.o)
 *(COMMON)
                0x2000003c                . = ALIGN (0x4)
 *fill*         0x2000003a        0x2 
                0x2000003c                _ebss = .
                [!provide]                PROVIDE (end = .)
                [!provide]                PROVIDE (_HeapStart = .)
                0x20002000                PROVIDE (_StackTop = (ORIGIN (ram) + LENGTH (ram)))
OUTPUT(main.elf elf32-littlearm)
LOAD linker stubs

.debug_info     0x00000000     0x1f60
 .debug_info    0x00000000      0x38e startup.o
 .debug_info    0x0000038e      0x9af main.o
 .debug_info    0x00000d3d      0x2e5 lcd.o
 .debug_info    0x00001022      0xa4a motor.o
 .debug_info    0x00001a6c      0x3a5 vl53l0x.o
 .debug_info    0x00001e11      0x14f obstacle.o

.debug_abbrev   0x00000000      0x9f8
 .debug_abbrev  0x00000000      0x136 startup.o
 .debug_abbrev  0x00000136      0x273 main.o
 .debug_abbrev  0x000003a9      0x125 lcd.o
 .debug_abbrev  0x000004ce      0x321 motor.o
 .debug_abbrev  0x000007ef      0x15a vl53l0x.o
 .debug_abbrev  0x00000949       0xaf obstacle.o

.debug_aranges  0x00000000       0xc8
 .debug_aranges
                0x00000000       0x28 startup.o
 .debug_aranges
                0x00000028       0x20 main.o
 .debug_aranges
                0x00000048       0x20 lcd.o
 .debug_aranges
                0x00000068       0x20 motor.o
 .debug_aranges
                0x00000088       0x20 vl53l0x.o
 .debug_aranges
                0x000000a8       0x20 obstacle.o

.debug_ranges   0x00000000       0x18
 .debug_ranges  0x00000000       0x18 startup.o

.debug_line     0x00000000     0x1b48
 .debug_line    0x00000000      0x23e startup.o
 .debug_line    0x0000023e      0x868 main.o
 .debug_line    0x00000aa6      0x2ea lcd.o
 .debug_line    0x00000d90      0x5b2 motor.o
 .debug_line    0x00001342      0x680 vl53l0x.o
 .debug_line    0x000019c2      0x186 obstacle.o

.debug_str      0x00000000      0xaa2
 .debug_str     0x00000000      0x250 startup.o
                                0x28d (size before relaxing)
 .debug_str     0x00000250      0x2f5 main.o
                                0x4de (size before relaxing)
 .debug_str     0x00000545       0x64 lcd.o
                                0x1d0 (size before relaxing)
 .debug_str     0x000005a9      0x266 motor.o
                                0x539 (size before relaxing)
 .debug_str     0x0000080f      0x21d vl53l0x.o
                                0x34d (size before relaxing)
 .debug_str     0x00000a2c       0x76 obstacle.o
                                0x1ba (size before relaxing)

.comment        0x00000000       0x49
 .comment       0x00000000       0x49 startup.o
                                 0x4a (size before relaxing)
 .comment       0x00000049       0x4a main.o
 .comment       0x00000049       0x4a lcd.o
 .comment       0x00000049       0x4a motor.o
 .comment       0x00000049       0x4a vl53l0x.o
 .comment       0x00000049       0x4a obstacle.o

.ARM.attributes
                0x00000000       0x2c
 .ARM.attributes
                0x00000000       0x2c startup.o
 .ARM.attributes
                0x0000002c       0x2c main.o
 .ARM.attributes
                0x00000058       0x2c lcd.o
 .ARM.attributes
                0x00000084       0x2c motor.o
 .ARM.attributes
                0x000000b0       0x2c vl53l0x.o
 .ARM.attributes
                0x000000dc       0x2c obstacle.o
 .ARM.attributes
                0x00000108       0x1e c:/program files (x86)/gnu arm embedded toolchain/10 2021.10/bin/../lib/gcc/arm-none-eabi/10.3.1/thumb/v6-m/nofp\libgcc.a(_udivsi3.o)
 .ARM.attributes
                0x00000126       0x1e c:/program files (x86)/gnu arm embedded toolchain/10 2021.10/bin/../lib/gcc/arm-none-eabi/10.3.1/thumb/v6-m/nofp\libgcc.a(_divsi3.o)
 .ARM.attributes
                0x00000144       0x1e c:/program files (x86)/gnu arm embedded toolchain/10 2021.10/bin/../lib/gcc/arm-none-eabi/10.3.1/thumb/v6-m/nofp\libgcc.a(_dvmd_tls.o)

.debug_frame    0x00000000      0x8c0
 .debug_frame   0x00000000       0x94 startup.o
 .debug_frame   0x00000094      0x228 main.o
 .debug_frame   0x000002bc      0x108 lcd.o
 .debug_frame   0x000003c4      0x290 motor.o
 .debug_frame   0x00000654      0x1c4 vl53l0x.o
 .debug_frame   0x00000818       0x68 obstacle.o
 .debug_frame   0x00000880       0x20 c:/program files (x86)/gnu arm embedded toolchain/10 2021.10/bin/../lib/gcc/arm-none-eabi/10.3.1/thumb/v6-m/nofp\libgcc.a(_udivsi3.o)
 .debug_frame   0x000008a0       0x20 c:/program files (x86)/gnu arm embedded toolchain/10 2021.10/bin/../lib/gcc/arm-none-eabi/10.3.1/thumb/v6-m/nofp\libgcc.a(_divsi3.o)

Cross Reference Table

Symbol                                            File
ADC_COMP_Handler                                  startup.o
ADC_Init                                          main.o
ADC_Read                                          main.o
Configure_Pins                                    main.o
DMA_CH1_Handler                                   startup.o
DMA_CH2_3_Handler                                 startup.o
DMA_CH4_5_6_7_Handler                             startup.o
Default_Handler                                   startup.o
Delay_us                                          lcd.o
EXTI0_1_Handler                                   startup.o
EXTI2_3_Handler                                   startup.o
EXTI4_15_Handler                                  startup.o
FLASH_Handler                                     startup.o
Handle_Command                                    main.o
Handle_Program_Step                               main.o
Hard_Fault_Handler                                startup.o
Hardware_Init                                     motor.o
I2C1_Handler                                      startup.o
I2C2_Handler                                      startup.o
I2C_init                                          main.o
IR_TryReceive                                     main.o
LCD_4BIT                                          lcd.o
LCD_byte                                          lcd.o
LCD_pulse                                         lcd.o
LCDprint                                          lcd.o
LPTIM1_Handler                                    startup.o
LPUART1_Handler                                   startup.o
NMI_Handler                                       startup.o
PVD_Handler                                       startup.o
PWM_Counter                                       motor.o
PendSV_Handler                                    startup.o
RCC_Handler                                       startup.o
RTC_Handler                                       startup.o
ResetInit                                         startup.o
SPI1_Handler                                      startup.o
SPI2_Handler                                      startup.o
SVC_Handler                                       startup.o
Speaker_Beep                                      main.o
SysTick_Handler                                   startup.o
TIM21_Handler                                     startup.o
TIM22_Handler                                     startup.o
TIM2_Handler                                      motor.o
                                                  startup.o
TIM6_Handler                                      startup.o
Timer_us                                          main.o
USART1_Handler                                    startup.o
USART2_Handler                                    startup.o
Vectors                                           startup.o
WWDG_Handler                                      startup.o
WriteCommand                                      lcd.o
WriteData                                         lcd.o
_StackTop                                         startup.o
__aeabi_idiv                                      c:/program files (x86)/gnu arm embedded toolchain/10 2021.10/bin/../lib/gcc/arm-none-eabi/10.3.1/thumb/v6-m/nofp\libgcc.a(_divsi3.o)
                                                  motor.o
                                                  lcd.o
__aeabi_idiv0                                     c:/program files (x86)/gnu arm embedded toolchain/10 2021.10/bin/../lib/gcc/arm-none-eabi/10.3.1/thumb/v6-m/nofp\libgcc.a(_dvmd_tls.o)
                                                  c:/program files (x86)/gnu arm embedded toolchain/10 2021.10/bin/../lib/gcc/arm-none-eabi/10.3.1/thumb/v6-m/nofp\libgcc.a(_divsi3.o)
                                                  c:/program files (x86)/gnu arm embedded toolchain/10 2021.10/bin/../lib/gcc/arm-none-eabi/10.3.1/thumb/v6-m/nofp\libgcc.a(_udivsi3.o)
__aeabi_idivmod                                   c:/program files (x86)/gnu arm embedded toolchain/10 2021.10/bin/../lib/gcc/arm-none-eabi/10.3.1/thumb/v6-m/nofp\libgcc.a(_divsi3.o)
__aeabi_ldiv0                                     c:/program files (x86)/gnu arm embedded toolchain/10 2021.10/bin/../lib/gcc/arm-none-eabi/10.3.1/thumb/v6-m/nofp\libgcc.a(_dvmd_tls.o)
__aeabi_uidiv                                     c:/program files (x86)/gnu arm embedded toolchain/10 2021.10/bin/../lib/gcc/arm-none-eabi/10.3.1/thumb/v6-m/nofp\libgcc.a(_udivsi3.o)
                                                  main.o
__aeabi_uidivmod                                  c:/program files (x86)/gnu arm embedded toolchain/10 2021.10/bin/../lib/gcc/arm-none-eabi/10.3.1/thumb/v6-m/nofp\libgcc.a(_udivsi3.o)
__divsi3                                          c:/program files (x86)/gnu arm embedded toolchain/10 2021.10/bin/../lib/gcc/arm-none-eabi/10.3.1/thumb/v6-m/nofp\libgcc.a(_divsi3.o)
__init_array_end                                  startup.o
__init_array_start                                startup.o
__udivsi3                                         c:/program files (x86)/gnu arm embedded toolchain/10 2021.10/bin/../lib/gcc/arm-none-eabi/10.3.1/thumb/v6-m/nofp\libgcc.a(_udivsi3.o)
_data                                             startup.o
_ebss                                             startup.o
_edata                                            startup.o
_etext                                            startup.o
auto_hold_stop                                    motor.o
                                                  main.o
auto_in_intersection                              motor.o
auto_intersection_cnt                             motor.o
auto_reset                                        motor.o
                                                  main.o
auto_running                                      motor.o
                                                  main.o
auto_step                                         motor.o
                                                  main.o
auto_stop                                         motor.o
delay_ms                                          main.o
i2c_read_addr8_data16                             main.o
                                                  vl53l0x.o
i2c_read_addr8_data8                              main.o
                                                  vl53l0x.o
i2c_write_addr8_data8                             main.o
                                                  vl53l0x.o
initClock                                         startup.o
left_dir                                          motor.o
                                                  main.o
left_speed                                        motor.o
                                                  main.o
left_wheel_backward                               motor.o
left_wheel_forward                                motor.o
left_wheel_stop                                   motor.o
main                                              main.o
                                                  startup.o
motor_init                                        motor.o
                                                  main.o
motor_rotate_180                                  motor.o
                                                  main.o
motor_stop                                        motor.o
                                                  main.o
obstacle_detected                                 obstacle.o
                                                  main.o
obstacle_get_filtered_mm                          obstacle.o
obstacle_reset                                    obstacle.o
                                                  main.o
right_dir                                         motor.o
                                                  main.o
right_speed                                       motor.o
                                                  main.o
right_wheel_backward                              motor.o
right_wheel_forward                               motor.o
right_wheel_stop                                  motor.o
set_custom_path                                   motor.o
                                                  main.o
vl53l0x_init                                      vl53l0x.o
                                                  main.o
vl53l0x_measurement_ready                         vl53l0x.o
                                                  main.o
vl53l0x_read_range_continuous                     vl53l0x.o
                                                  main.o
vl53l0x_read_range_single                         vl53l0x.o
vl53l0x_start_continuous                          vl53l0x.o
                                                  main.o
vl53l0x_stop_continuous                           vl53l0x.o
                                                  main.o
waitms                                            lcd.o
