Modules linked:
   'tramsitterStopwatch' from 'tramsitterStopwatch.obj'
   'strncpy' from 'C:\Vincent\source\CrossIDE\Call51\Bin\..\lib\small\libc51.lib'
   'gptrget' from 'C:\Vincent\source\CrossIDE\Call51\Bin\..\lib\small\libc51.lib'
   'mullong' from 'C:\Vincent\source\CrossIDE\Call51\Bin\..\lib\small\liblong.lib'
   'divulong' from 'C:\Vincent\source\CrossIDE\Call51\Bin\..\lib\small\liblong.lib'
   'moduint' from 'C:\Vincent\source\CrossIDE\Call51\Bin\..\lib\small\libint.lib'
   'divuint' from 'C:\Vincent\source\CrossIDE\Call51\Bin\..\lib\small\libint.lib'
   'divslong' from 'C:\Vincent\source\CrossIDE\Call51\Bin\..\lib\small\liblong.lib'
   'modsint' from 'C:\Vincent\source\CrossIDE\Call51\Bin\..\lib\small\libint.lib'
   'gptrput' from 'C:\Vincent\source\CrossIDE\Call51\Bin\..\lib\small\libc51.lib'
   'divsint' from 'C:\Vincent\source\CrossIDE\Call51\Bin\..\lib\small\libint.lib'
   'crt0' from 'C:\Vincent\source\CrossIDE\Call51\Bin\..\lib\small\libc51.lib'

Memory use per module linked:
C:06763 D:045 I:000 B:008 X:00127 - tramsitterStopwatch
C:00116 D:012 I:000 B:000 X:00000 - strncpy
C:00028 D:000 I:000 B:000 X:00000 - gptrget
C:00110 D:004 I:000 B:000 X:00000 - mullong
C:00101 D:004 I:000 B:000 X:00000 - divulong
C:00077 D:002 I:000 B:000 X:00000 - moduint
C:00041 D:002 I:000 B:000 X:00000 - divuint
C:00082 D:000 I:000 B:000 X:00000 - divslong
C:00054 D:000 I:000 B:000 X:00000 - modsint
C:00025 D:001 I:000 B:000 X:00000 - gptrput
C:00056 D:000 I:000 B:000 X:00000 - divsint
C:00113 D:000 I:000 B:000 X:00000 - crt0
C:00007 D:000 I:000 B:000 X:00000 - ABSOLUTE
------------------------------------------------------
C:07573 D:070 I:000 B:008 X:00127 - Totals

INTERMAL RAM map (see legend below):
00: 0 0 0 0 0 0 0 0 b b b b b b b b 
10: b b b b . . . . . . . . . . . . 
20: B a a a a a a a a a a a a a a a 
30: a a a a a a a a a a a a a a a a 
40: a a a a a a a a a a . . . . . . 
50: . . . . . . . . . . . . . . . . 
60: . . . . . . . . . . . . . . . . 
70: . . . . . . . . . . . . . . . . 
80: . . . . . . . . . . . . . . . . 
90: . . . . . . . . . . . . . . . . 
A0: . . . . . . . . . . . . . . . . 
B0: . . . . . . . . . . . . . . . . 
C0: . . . . . . . . . . . . . . . . 
D0: . . . . . . . . . . . . . . . . 
E0: . . . . . . . . . . . . . . . . 
F0: . . . . . . . . . . . . . . . . 

Legend:
	0: Register bank 0
	1: Register bank 1
	2: Register bank 2
	3: Register bank 3
	B: bits (see 'BIT map' below)
	a: tramsitterStopwatch:R_DSEG
	b: R_OSEG

BIT map:
00: U U U U U U U U . . . . . . . . 
10: . . . . . . . . . . . . . . . . 
20: . . . . . . . . . . . . . . . . 
30: . . . . . . . . . . . . . . . . 
40: . . . . . . . . . . . . . . . . 
50: . . . . . . . . . . . . . . . . 
60: . . . . . . . . . . . . . . . . 
70: . . . . . . . . . . . . . . . . 

CODE usage map:
0000: 250 256 256 256 256 256 256 256 256 256 256 256 256 256 256 256 
1000: 256 256 256 256 256 256 256 256 256 256 256 256 256 155 000 000 
2000: 000 000 000 000 000 000 000 000 000 000 000 000 000 000 000 000 
3000: 000 000 000 000 000 000 000 000 000 000 000 000 000 000 000 000 
4000: 000 000 000 000 000 000 000 000 000 000 000 000 000 000 000 000 
5000: 000 000 000 000 000 000 000 000 000 000 000 000 000 000 000 000 
6000: 000 000 000 000 000 000 000 000 000 000 000 000 000 000 000 000 
7000: 000 000 000 000 000 000 000 000 000 000 000 000 000 000 000 000 
8000: 000 000 000 000 000 000 000 000 000 000 000 000 000 000 000 000 
9000: 000 000 000 000 000 000 000 000 000 000 000 000 000 000 000 000 
A000: 000 000 000 000 000 000 000 000 000 000 000 000 000 000 000 000 
B000: 000 000 000 000 000 000 000 000 000 000 000 000 000 000 000 000 
C000: 000 000 000 000 000 000 000 000 000 000 000 000 000 000 000 000 
D000: 000 000 000 000 000 000 000 000 000 000 000 000 000 000 000 000 
E000: 000 000 000 000 000 000 000 000 000 000 000 000 000 000 000 000 
F000: 000 000 000 000 000 000 000 000 000 000 000 000 000 000 000 000 
Total: 7573 bytes

XDATA usage map:
0000: 127 000 000 000 000 000 000 000 000 000 000 000 000 000 000 000 
1000: 000 000 000 000 000 000 000 000 000 000 000 000 000 000 000 000 
2000: 000 000 000 000 000 000 000 000 000 000 000 000 000 000 000 000 
3000: 000 000 000 000 000 000 000 000 000 000 000 000 000 000 000 000 
4000: 000 000 000 000 000 000 000 000 000 000 000 000 000 000 000 000 
5000: 000 000 000 000 000 000 000 000 000 000 000 000 000 000 000 000 
6000: 000 000 000 000 000 000 000 000 000 000 000 000 000 000 000 000 
7000: 000 000 000 000 000 000 000 000 000 000 000 000 000 000 000 000 
8000: 000 000 000 000 000 000 000 000 000 000 000 000 000 000 000 000 
9000: 000 000 000 000 000 000 000 000 000 000 000 000 000 000 000 000 
A000: 000 000 000 000 000 000 000 000 000 000 000 000 000 000 000 000 
B000: 000 000 000 000 000 000 000 000 000 000 000 000 000 000 000 000 
C000: 000 000 000 000 000 000 000 000 000 000 000 000 000 000 000 000 
D000: 000 000 000 000 000 000 000 000 000 000 000 000 000 000 000 000 
E000: 000 000 000 000 000 000 000 000 000 000 000 000 000 000 000 000 
F000: 000 000 000 000 000 000 000 000 000 000 000 000 000 000 000 000 
Total: 127 bytes

Base Segments:
   BIT_BANK=D:0000, size=0000
   R_BSEG=B:0000, size=0008
   R_CONST=C:009F, size=020D
   R_CSEG=C:02AC, size=1AEF
   R_DINIT=C:0003, size=0021
   R_DSEG=D:0000, size=0029
   R_GSINIT=C:002E, size=0071
   R_HOME=C:0000, size=0000
   R_ISEG=I:0000, size=0000
   R_IXSEG=X:0000, size=0000
   R_OSEG=D:0008, size=000C
   R_PSEG=X:0000, size=0000
   R_XINIT=C:0000, size=0000
   R_XSEG=X:0000, size=007F
   rbank0=D:0000, size=0008

Module Segments:
   CSEG=C:0000, size=0007
   crt0:R_GSINIT=C:002E, size=0071
   divsint:R_CSEG=C:1D63, size=0038
   divslong:R_CSEG=C:1CC2, size=0052
   divuint:R_CSEG=C:1C99, size=0029
   divuint:R_OSEG=D:0008, size=0002
   divulong:R_CSEG=C:1BE7, size=0065
   divulong:R_OSEG=D:0008, size=0004
   gptrget:R_CSEG=C:1B5D, size=001C
   gptrput:R_CSEG=C:1D4A, size=0019
   gptrput:R_OSEG=D:0008, size=0001
   modsint:R_CSEG=C:1D14, size=0036
   moduint:R_CSEG=C:1C4C, size=004D
   moduint:R_OSEG=D:0008, size=0002
   mullong:R_CSEG=C:1B79, size=006E
   mullong:R_OSEG=D:0008, size=0004
   strncpy:R_CSEG=C:1AE9, size=0074
   strncpy:R_OSEG=D:0008, size=000C
   tramsitterStopwatch:R_BSEG=B:0000, size=0008
   tramsitterStopwatch:R_CONST=C:009F, size=020D
   tramsitterStopwatch:R_CSEG=C:02AC, size=183D
   tramsitterStopwatch:R_DINIT=C:0003, size=0021
   tramsitterStopwatch:R_DSEG=D:0021, size=0029
   tramsitterStopwatch:R_OSEG=D:0008, size=0004
   tramsitterStopwatch:R_XSEG=X:0000, size=007F

Public symbols:
   _ADC_at_Pin=C:04FC
   _Cmd_Label=C:0861
   _Direction_Label=C:0929
   _Get_Battery_Percent=C:0514
   _IR_HalfPeriod=C:06C9
   _IR_HalfPeriod_PARM_1=B:0006
   _IR_LoopbackByte=C:06D8
   _IR_LoopbackPacket=C:077C
   _InitADC=C:04E2
   _InitPinADC=C:049F
   _InitPinADC_PARM_2=D:0008
   _Init_Timer2_1Hz=C:1090
   _LCD_4BIT=C:060F
   _LCD_byte=C:05C3
   _LCD_pulse=C:05B8
   _LCDprint=C:0641
   _LCDprint_PARM_2=D:002A
   _LCDprint_PARM_3=B:0005
   _Password4BitToString=C:0E99
   _Password4BitToString_PARM_2=D:0009
   _Password_Entry_Screen=C:0F1D
   _Print4Digit=C:02AC
   _Print4Digit_PARM_2=D:0027
   _Program_Mode=C:11C9
   _R_BSEG_size=L:0008
   _R_BSEG_start=L:0000
   _R_CONST_size=L:020D
   _R_CONST_start=L:009F
   _R_CSEG_size=L:1AEF
   _R_CSEG_start=L:02AC
   _R_DINIT_size=L:0021
   _R_DINIT_start=L:0003
   _R_GSINIT_size=L:0071
   _R_GSINIT_start=L:002E
   _R_HOME_size=L:0000
   _R_HOME_start=L:0000
   _R_ISEG_size=L:0000
   _R_ISEG_start=L:0000
   _R_IXSEG_size=L:0000
   _R_IXSEG_start=L:0000
   _R_OSEG_size=L:000C
   _R_OSEG_start=L:0008
   _R_PSEG_size=L:0000
   _R_PSEG_start=L:0000
   _R_XINIT_size=L:0000
   _R_XINIT_start=L:0000
   _R_XSEG_size=L:007F
   _R_XSEG_start=L:0000
   _Read_Joystick=C:080D
   _Send_Joystick_Proportional=C:0A1E
   _Show_Command=C:0966
   _Timer2_ISR=C:10A7
   _Timer3us=C:043A
   _Update_Status_Line=C:07B2
   _Update_Stopwatch_Display=C:10C8
   _WriteCommand=C:0604
   _WriteData=C:05F9
   __c51_external_startup=C:03BA
   __divsint=C:1D63
   __divsint_PARM_2=D:0008
   __divslong=C:1CC2
   __divslong_PARM_2=D:0008
   __divuint=C:1C99
   __divuint_PARM_2=D:0008
   __divulong=C:1BE7
   __divulong_PARM_2=D:0008
   __gptrget=C:1B5D
   __gptrput=C:1D4A
   __gptrput_PARM_2=D:0008
   __modsint=C:1D14
   __modsint_PARM_2=D:0008
   __moduint=C:1C4C
   __moduint_PARM_2=D:0008
   __mullong=C:1B79
   __mullong_PARM_2=D:0008
   __mullong_dummy=C:1B79
   _auto_mode=B:0004
   _crt0=C:002E
   _current_path=D:0029
   _dummy_name_crt0=C:1D9B
   _is_locked=B:0001
   _main=C:14F2
   _password_set=B:0000
   _program_path=X:0000
   _program_step=D:0022
   _putchar=C:041F
   _saved_password=D:0021
   _stack_start=L:004A
   _stopwatch_minutes=D:0025
   _stopwatch_paused=B:0002
   _stopwatch_seconds=D:0023
   _stopwatch_secs=D:0026
   _strncpy=C:1AE9
   _strncpy_PARM_2=D:0008
   _strncpy_PARM_3=D:000B
   _timer_tick=B:0003
   _tramsitterStopwatch_R_DSEG_size=L:0029
   _tramsitterStopwatch_R_DSEG_start=L:0021
   _waitms=C:0464

Local symbols:
   crt0:PClearLoop?done?=C:0097
   crt0:PClearLoop?repeat?=C:0089
   crt0:XClearLoop?done?=C:007F
   crt0:XClearLoop?repeat?=C:0071
   crt0:XInitLoop?done?=C:0067
   crt0:XInitLoop?repeat?=C:0047
   crt0:__c51_init_data=C:003B
   crt0:__c51_program_startup=C:009A
   crt0:forever?home?=C:009D
   divsint:__divsint_dummy=C:1D63
   divsint:a_not_negative=C:1D77
   divsint:b_not_negative=C:1D89
   divsint:not_negative=C:1D9A
   divslong:__divslong_dummy=C:1CC2
   divslong:a_not_negative=C:1CDD
   divslong:b_not_negative=C:1CF9
   divslong:not_negative=C:1D13
   divuint:__divuint_dummy=C:1C99
   divuint:loop=C:1C9E
   divuint:smaller=C:1CBF
   divulong:__divlong_dummy=C:1BE7
   divulong:exit=C:1C4A
   divulong:in_lp=C:1C1B
   divulong:loop=C:1C08
   divulong:lp0=C:1BEF
   divulong:minus=C:1C48
   gptrget:codeptr?=C:1B74
   gptrget:dataptrrestore?=C:1B6B
   gptrget:pdataptr?=C:1B71
   gptrget:xdataptr?=C:1B77
   gptrput:codeptr?=C:1D5D
   gptrput:dataptrrestore?=C:1D58
   gptrput:pdataptr?=C:1D5E
   gptrput:xdataptr?=C:1D61
   modsint:__modsint_dummy=C:1D14
   modsint:a_not_negative=C:1D28
   modsint:b_not_negative=C:1D38
   modsint:not_negative=C:1D49
   moduint:__moduint_dummy=C:1C4C
   moduint:div_by_0=C:1C98
   moduint:loop1=C:1C54
   moduint:loop2=C:1C79
   moduint:msbset=C:1C71
   moduint:smaller=C:1C8B
   moduint:start=C:1C6E
   mullong:b0=D:0008
   mullong:b1=D:0008
   mullong:b2=D:0008
   mullong:b3=D:0008
   strncpy:L002002?=C:1B02
   strncpy:L002005?=C:1B35
   strncpy:L002007?=C:1B53
   strncpy:L002014?=C:1B35
   strncpy:L002019?=C:1B1B
   strncpy:L002020?=C:1B23
   strncpy:L002021?=C:1B3E
   strncpy:_strncpy_d1_1_21=D:000D
   strncpy:_strncpy_sloc0_1_0=D:0010
   strncpy:_strncpy_sloc1_1_0=D:0013
   tramsitterStopwatch:L003001?=C:03D8
   tramsitterStopwatch:L003004?=C:03E3
   tramsitterStopwatch:L004001?=C:0427
   tramsitterStopwatch:L004006?=C:042F
   tramsitterStopwatch:L004017?=C:042C
   tramsitterStopwatch:L004018?=C:0434
   tramsitterStopwatch:L005001?=C:0455
   tramsitterStopwatch:L005004?=C:0450
   tramsitterStopwatch:L005007?=C:0460
   tramsitterStopwatch:L006001?=C:0475
   tramsitterStopwatch:L006005?=C:046C
   tramsitterStopwatch:L006007?=C:0497
   tramsitterStopwatch:L006009?=C:049E
   tramsitterStopwatch:L006018?=C:0478
   tramsitterStopwatch:L007001?=C:04C2
   tramsitterStopwatch:L007002?=C:04CC
   tramsitterStopwatch:L007003?=C:04D6
   tramsitterStopwatch:L007005?=C:04DE
   tramsitterStopwatch:L007011?=C:04AA
   tramsitterStopwatch:L007013?=C:04AC
   tramsitterStopwatch:L007014?=C:04B8
   tramsitterStopwatch:L007015?=C:04BD
   tramsitterStopwatch:L009001?=C:0503
   tramsitterStopwatch:L009004?=C:050A
   tramsitterStopwatch:L009013?=C:0508
   tramsitterStopwatch:L010002?=C:052B
   tramsitterStopwatch:L010004?=C:057B
   tramsitterStopwatch:L010006?=C:058C
   tramsitterStopwatch:L016003?=C:066D
   tramsitterStopwatch:L016006?=C:06A1
   tramsitterStopwatch:L016007?=C:06A8
   tramsitterStopwatch:L016011?=C:06C8
   tramsitterStopwatch:L016013?=C:0650
   tramsitterStopwatch:L016014?=C:0652
   tramsitterStopwatch:L017002?=C:06D0
   tramsitterStopwatch:L017003?=C:06D2
   tramsitterStopwatch:L018003?=C:06DE
   tramsitterStopwatch:L018006?=C:06F7
   tramsitterStopwatch:L018007?=C:0713
   tramsitterStopwatch:L018010?=C:0732
   tramsitterStopwatch:L018011?=C:073C
   tramsitterStopwatch:L018014?=C:075B
   tramsitterStopwatch:L018015?=C:06FB
   tramsitterStopwatch:L018018?=C:0760
   tramsitterStopwatch:L018019?=C:0762
   tramsitterStopwatch:L018022?=C:0777
   tramsitterStopwatch:L018032?=C:073A
   tramsitterStopwatch:L018041?=C:06E1
   tramsitterStopwatch:L018043?=C:06FE
   tramsitterStopwatch:L018045?=C:0707
   tramsitterStopwatch:L018046?=C:0716
   tramsitterStopwatch:L018049?=C:073F
   tramsitterStopwatch:L018051?=C:0765
   tramsitterStopwatch:L019002?=C:07AE
   tramsitterStopwatch:L020002?=C:07CF
   tramsitterStopwatch:L020003?=C:07E7
   tramsitterStopwatch:L021002?=C:085D
   tramsitterStopwatch:L021005?=C:0850
   tramsitterStopwatch:L021008?=C:0843
   tramsitterStopwatch:L021011?=C:0836
   tramsitterStopwatch:L022001?=C:08B9
   tramsitterStopwatch:L022002?=C:08C0
   tramsitterStopwatch:L022003?=C:08C7
   tramsitterStopwatch:L022004?=C:08CE
   tramsitterStopwatch:L022005?=C:08D5
   tramsitterStopwatch:L022006?=C:08DC
   tramsitterStopwatch:L022007?=C:08E3
   tramsitterStopwatch:L022008?=C:08EA
   tramsitterStopwatch:L022009?=C:08F1
   tramsitterStopwatch:L022010?=C:08F8
   tramsitterStopwatch:L022011?=C:08FF
   tramsitterStopwatch:L022012?=C:0906
   tramsitterStopwatch:L022013?=C:090D
   tramsitterStopwatch:L022014?=C:0914
   tramsitterStopwatch:L022015?=C:091B
   tramsitterStopwatch:L022016?=C:0922
   tramsitterStopwatch:L022035?=C:0868
   tramsitterStopwatch:L022036?=C:086D
   tramsitterStopwatch:L022037?=C:0872
   tramsitterStopwatch:L022038?=C:0877
   tramsitterStopwatch:L022039?=C:087C
   tramsitterStopwatch:L022040?=C:0881
   tramsitterStopwatch:L022041?=C:0886
   tramsitterStopwatch:L022042?=C:088C
   tramsitterStopwatch:L022043?=C:0892
   tramsitterStopwatch:L022044?=C:0898
   tramsitterStopwatch:L022045?=C:089E
   tramsitterStopwatch:L022046?=C:08A4
   tramsitterStopwatch:L022047?=C:08AA
   tramsitterStopwatch:L022048?=C:08B0
   tramsitterStopwatch:L022049?=C:08B6
   tramsitterStopwatch:L023001?=C:0943
   tramsitterStopwatch:L023002?=C:094A
   tramsitterStopwatch:L023003?=C:0951
   tramsitterStopwatch:L023004?=C:0958
   tramsitterStopwatch:L023005?=C:095F
   tramsitterStopwatch:L023011?=C:0937
   tramsitterStopwatch:L024002?=C:09F1
   tramsitterStopwatch:L024003?=C:0A10
   tramsitterStopwatch:L024004?=C:0988
   tramsitterStopwatch:L024007?=C:099D
   tramsitterStopwatch:L024009?=C:09A4
   tramsitterStopwatch:L024012?=C:09CC
   tramsitterStopwatch:L024023?=C:098B
   tramsitterStopwatch:L024025?=C:09A7
   tramsitterStopwatch:L024028?=C:09DB
   tramsitterStopwatch:L025006?=C:0AED
   tramsitterStopwatch:L025009?=C:0A92
   tramsitterStopwatch:L025010?=C:0AF1
   tramsitterStopwatch:L025016?=C:0BA4
   tramsitterStopwatch:L025019?=C:0B49
   tramsitterStopwatch:L025020?=C:0BA8
   tramsitterStopwatch:L025022?=C:0BBC
   tramsitterStopwatch:L025025?=C:0BDD
   tramsitterStopwatch:L025027?=C:0BEC
   tramsitterStopwatch:L025029?=C:0C00
   tramsitterStopwatch:L025031?=C:0C0F
   tramsitterStopwatch:L025033?=C:0E5F
   tramsitterStopwatch:L025034?=C:0E80
   tramsitterStopwatch:L025037?=C:0C23
   tramsitterStopwatch:L025038?=C:0C29
   tramsitterStopwatch:L025039?=C:0C3F
   tramsitterStopwatch:L025040?=C:0C45
   tramsitterStopwatch:L025041?=C:0CA3
   tramsitterStopwatch:L025042?=C:0CA7
   tramsitterStopwatch:L025043?=C:0CF7
   tramsitterStopwatch:L025044?=C:0CFB
   tramsitterStopwatch:L025045?=C:0D49
   tramsitterStopwatch:L025046?=C:0D4D
   tramsitterStopwatch:L025047?=C:0D8A
   tramsitterStopwatch:L025048?=C:0D8E
   tramsitterStopwatch:L025049?=C:0DD0
   tramsitterStopwatch:L025050?=C:0DD4
   tramsitterStopwatch:L025051?=C:0E16
   tramsitterStopwatch:L025052?=C:0E1A
   tramsitterStopwatch:L025090?=C:0C17
   tramsitterStopwatch:L025092?=C:0C33
   tramsitterStopwatch:L026003?=C:0EA9
   tramsitterStopwatch:L026004?=C:0EAB
   tramsitterStopwatch:L026005?=C:0EC6
   tramsitterStopwatch:L026006?=C:0EC8
   tramsitterStopwatch:L026007?=C:0EE3
   tramsitterStopwatch:L026008?=C:0EE5
   tramsitterStopwatch:L026009?=C:0F00
   tramsitterStopwatch:L026010?=C:0F02
   tramsitterStopwatch:L027001?=C:0FFA
   tramsitterStopwatch:L027006?=C:103A
   tramsitterStopwatch:L027011?=C:1071
   tramsitterStopwatch:L027019?=C:1055
   tramsitterStopwatch:L027022?=C:1015
   tramsitterStopwatch:L027023?=C:1077
   tramsitterStopwatch:L027025?=C:0F25
   tramsitterStopwatch:L027042?=C:0FF3
   tramsitterStopwatch:L029006?=C:10C3
   tramsitterStopwatch:L030002?=C:1188
   tramsitterStopwatch:L030003?=C:11B6
   tramsitterStopwatch:L030006?=C:1127
   tramsitterStopwatch:L030007?=C:1129
   tramsitterStopwatch:L030008?=C:11A1
   tramsitterStopwatch:L030009?=C:11A3
   tramsitterStopwatch:L030015?=C:1172
   tramsitterStopwatch:L030017?=C:1191
   tramsitterStopwatch:L031002?=C:1216
   tramsitterStopwatch:L031003?=C:1236
   tramsitterStopwatch:L031006?=C:1347
   tramsitterStopwatch:L031012?=C:1371
   tramsitterStopwatch:L031014?=C:1372
   tramsitterStopwatch:L031020?=C:139C
   tramsitterStopwatch:L031022?=C:13C3
   tramsitterStopwatch:L031023?=C:1491
   tramsitterStopwatch:L031027?=C:1453
   tramsitterStopwatch:L031034?=C:1382
   tramsitterStopwatch:L031037?=C:1357
   tramsitterStopwatch:L031038?=C:149E
   tramsitterStopwatch:L031039?=C:1240
   tramsitterStopwatch:L031041?=C:14AB
   tramsitterStopwatch:L031043?=C:14DE
   tramsitterStopwatch:L031044?=C:14EC
   tramsitterStopwatch:L031045?=C:11D0
   tramsitterStopwatch:L031048?=C:11E5
   tramsitterStopwatch:L031049?=C:12B2
   tramsitterStopwatch:L031053?=C:12F2
   tramsitterStopwatch:L031056?=C:1307
   tramsitterStopwatch:L031057?=C:140D
   tramsitterStopwatch:L031070?=C:12F2
   tramsitterStopwatch:L031098?=C:11D3
   tramsitterStopwatch:L031102?=C:1249
   tramsitterStopwatch:L031103?=C:12B5
   tramsitterStopwatch:L031105?=C:12F5
   tramsitterStopwatch:L031108?=C:133F
   tramsitterStopwatch:L031112?=C:136A
   tramsitterStopwatch:L031115?=C:1388
   tramsitterStopwatch:L031116?=C:1398
   tramsitterStopwatch:L031119?=C:13CF
   tramsitterStopwatch:L031120?=C:1410
   tramsitterStopwatch:L031121?=C:1415
   tramsitterStopwatch:L032002?=C:17D3
   tramsitterStopwatch:L032005?=C:181C
   tramsitterStopwatch:L032008?=C:1841
   tramsitterStopwatch:L032009?=C:1856
   tramsitterStopwatch:L032011?=C:1861
   tramsitterStopwatch:L032015?=C:1888
   tramsitterStopwatch:L032017?=C:18AB
   tramsitterStopwatch:L032020?=C:18CD
   tramsitterStopwatch:L032028?=C:1878
   tramsitterStopwatch:L032029?=C:18D0
   tramsitterStopwatch:L032031?=C:18E9
   tramsitterStopwatch:L032033?=C:190C
   tramsitterStopwatch:L032034?=C:1915
   tramsitterStopwatch:L032037?=C:1941
   tramsitterStopwatch:L032041?=C:1935
   tramsitterStopwatch:L032043?=C:1959
   tramsitterStopwatch:L032047?=C:194D
   tramsitterStopwatch:L032052?=C:197B
   tramsitterStopwatch:L032054?=C:199E
   tramsitterStopwatch:L032058?=C:19ED
   tramsitterStopwatch:L032059?=C:19F0
   tramsitterStopwatch:L032061?=C:1A03
   tramsitterStopwatch:L032063?=C:19F8
   tramsitterStopwatch:L032066?=C:19D5
   tramsitterStopwatch:L032067?=C:1A34
   tramsitterStopwatch:L032068?=C:1A37
   tramsitterStopwatch:L032073?=C:1A5A
   tramsitterStopwatch:L032082?=C:1A5F
   tramsitterStopwatch:L032085?=C:1A3C
   tramsitterStopwatch:L032088?=C:1965
   tramsitterStopwatch:L032089?=C:1A65
   tramsitterStopwatch:L032091?=C:17C0
   tramsitterStopwatch:L032093?=C:1565
   tramsitterStopwatch:L032096?=C:17A6
   tramsitterStopwatch:L032097?=C:1A97
   tramsitterStopwatch:L032100?=C:1ABA
   tramsitterStopwatch:L032103?=C:19B0
   tramsitterStopwatch:L032104?=C:19B2
   tramsitterStopwatch:L032105?=C:1A0C
   tramsitterStopwatch:L032106?=C:1A24
   tramsitterStopwatch:L032107?=C:1A15
   tramsitterStopwatch:L032108?=C:1A22
   tramsitterStopwatch:L032109?=C:1A1E
   tramsitterStopwatch:L032110?=C:1A20
   tramsitterStopwatch:L032169?=C:156E
   tramsitterStopwatch:L032171?=C:17C8
   tramsitterStopwatch:L032172?=C:17D0
   tramsitterStopwatch:L032177?=C:184A
   tramsitterStopwatch:L032185?=C:18D6
   tramsitterStopwatch:L032186?=C:18E2
   tramsitterStopwatch:L032194?=C:196B
   tramsitterStopwatch:L032195?=C:1977
   tramsitterStopwatch:_IR_LoopbackByte_is_space_1_105=B:0007
   tramsitterStopwatch:_Password_Entry_Screen_line2_1_138=X:002A
   tramsitterStopwatch:_Password_Entry_Screen_pass_str_1_138=D:0040
   tramsitterStopwatch:_Program_Mode_line1_1_157=X:004C
   tramsitterStopwatch:_Program_Mode_line2_1_157=X:005D
   tramsitterStopwatch:_Send_Joystick_Proportional_disp_1_125=X:0019
   tramsitterStopwatch:_Send_Joystick_Proportional_lb_1_125=D:003C
   tramsitterStopwatch:_Send_Joystick_Proportional_percent_1_125=D:003D
   tramsitterStopwatch:_Send_Joystick_Proportional_sloc0_1_0=D:003E
   tramsitterStopwatch:_Show_Command_line_1_120=X:0008
   tramsitterStopwatch:_Timer2_ISR_tick_count_1_149=D:0045
   tramsitterStopwatch:_Update_Status_Line_s_1_110=D:002B
   tramsitterStopwatch:_Update_Stopwatch_Display_line_1_153=X:003B
   tramsitterStopwatch:__str_0=C:009F
   tramsitterStopwatch:__str_10=C:0104
   tramsitterStopwatch:__str_11=C:010E
   tramsitterStopwatch:__str_12=C:0118
   tramsitterStopwatch:__str_13=C:0122
   tramsitterStopwatch:__str_14=C:012C
   tramsitterStopwatch:__str_15=C:0136
   tramsitterStopwatch:__str_16=C:0140
   tramsitterStopwatch:__str_17=C:014A
   tramsitterStopwatch:__str_18=C:0154
   tramsitterStopwatch:__str_19=C:015D
   tramsitterStopwatch:__str_1=C:00AA
   tramsitterStopwatch:__str_20=C:0166
   tramsitterStopwatch:__str_21=C:016F
   tramsitterStopwatch:__str_22=C:0178
   tramsitterStopwatch:__str_23=C:0189
   tramsitterStopwatch:__str_24=C:019A
   tramsitterStopwatch:__str_25=C:01AB
   tramsitterStopwatch:__str_26=C:01BC
   tramsitterStopwatch:__str_27=C:01CE
   tramsitterStopwatch:__str_28=C:01DF
   tramsitterStopwatch:__str_29=C:01F0
   tramsitterStopwatch:__str_2=C:00B5
   tramsitterStopwatch:__str_30=C:0201
   tramsitterStopwatch:__str_31=C:0212
   tramsitterStopwatch:__str_32=C:0224
   tramsitterStopwatch:__str_33=C:0235
   tramsitterStopwatch:__str_34=C:0246
   tramsitterStopwatch:__str_35=C:0257
   tramsitterStopwatch:__str_36=C:0268
   tramsitterStopwatch:__str_37=C:0279
   tramsitterStopwatch:__str_38=C:028A
   tramsitterStopwatch:__str_39=C:029B
   tramsitterStopwatch:__str_3=C:00BE
   tramsitterStopwatch:__str_4=C:00C8
   tramsitterStopwatch:__str_5=C:00D2
   tramsitterStopwatch:__str_6=C:00DC
   tramsitterStopwatch:__str_7=C:00E6
   tramsitterStopwatch:__str_8=C:00F0
   tramsitterStopwatch:__str_9=C:00FA
   tramsitterStopwatch:_main_battery_percent_carr_1_176=D:0047
   tramsitterStopwatch:_main_i_1_176=D:0046
   tramsitterStopwatch:_main_line2_1_176=X:006E
